import java.util.Scanner;

public class Calculator {
    public static void main(String[] args) {
        // Create a scanner object to get user input
        Scanner scanner = new Scanner(System.in);

        // Get the two numbers from the user
        System.out.print("Enter first number: ");
        double num1 = scanner.nextDouble();

        System.out.print("Enter second number: ");
        double num2 = scanner.nextDouble();

        // Show operation options
        System.out.println("Choose an operation:");
        System.out.println("1. Addition (+)");
        System.out.println("2. Subtraction (-)");
        System.out.println("3. Multiplication (*)");
        System.out.println("4. Division (/)");

        // Get the operation choice
        System.out.print("Enter the operation number: ");
        int choice = scanner.nextInt();

        // Variable to store result
        double result;

        // Switch case to handle different operations
        switch (choice) {
            case 1: // Addition
                result = num1 + num2;
                System.out.println("Result: " + result);
                break;
            case 2: // Subtraction
                result = num1 - num2;
                System.out.println("Result: " + result);
                break;
            case 3: // Multiplication
                result = num1 * num2;
                System.out.println("Result: " + result);
                break;
            case 4: // Division
                // Handle division by zero
                if (num2 != 0) {
                    result = num1 / num2;
                    System.out.println("Result: " + result);
                } else {
                    System.out.println("Error: Division by zero is not allowed.");
                }
                break;
            default:
                System.out.println("Invalid choice! Please enter a valid operation.");
        }

        // Close the scanner
        scanner.close();
    }
}
